2026-09-24T06:48:39Z | INICIO
2026-09-24T07:04:12Z | FIN #36: PR #40 creada; CI #317 correcto; sin merge ni APK
2026-09-24T07:50:52Z | INICIO
2026-09-24T07:58:28Z | FIN #37: PR #41 creada; CI #320 correcto; sin merge ni APK
2026-09-24T08:52:08Z | INICIO
2026-09-24T09:03:17Z | FIN #38: PR #42 creada; CI #323 correcto; BF-02 listo, pendiente autorización; sin merge ni APK
2026-09-24T09:49:01Z | INICIO
2026-09-24T10:48:02Z | INICIO
2026-09-24T10:49:45Z | FIN NINGUNA: BF-02 listo; pendiente autorización del propietario; PR #42 y CI #323 sin cambios; sin merge ni APK
2026-09-24T11:52:01Z | INICIO
2026-09-24T11:53:47Z | FIN NINGUNA: BF-02 listo; autorización pendiente; PR #42 abierta y CI #323 correcto; sin merge ni APK
2026-09-24T12:47:44Z | INICIO
2026-09-24T12:50:04Z | FIN NINGUNA: BF-02 listo; autorización pendiente; PR #42 abierta y CI #323 correcto; sin merge ni APK
2026-09-24T13:49:23Z | INICIO
2026-09-24T13:51:40Z | FIN NINGUNA: BF-02 listo; autorización pendiente; PR #42 abierta y CI #323 correcto; sin merge ni APK
2026-09-24T14:51:16Z | INICIO
2026-09-24T14:54:05Z | FIN NINGUNA: BF-02 listo; autorización pendiente; PR #42 abierta y CI #323 correcto; sin merge ni APK
2026-09-24T15:49:08Z | INICIO
2026-09-24T15:59:05Z | FIN #16: PR #43 en borrador; CI #337 correcto; detectado artefacto debug del CI ordinario; sin candidato, etiqueta, release ni merge
2026-09-24T16:52:03Z | INICIO
2026-09-24T17:00:27Z | FIN #16: PR #43 actualizada y lista; CI #341 correcto, 0 artefactos; sin merge ni APK
2026-09-24T17:48:02Z | INICIO
2026-09-24T17:51:15Z | FIN #16: auditoría de ramas registrada; limpieza y rulesets pendientes; sin merge ni APK
2026-09-24T18:48:25Z | INICIO
2026-09-24T18:49:34Z | FIN NINGUNA: PR #43 fusionable y CI #341 correcto; BF-02 pendiente autorización; sin merge ni APK
2026-09-24T19:49:54Z | INICIO
2026-09-24T19:50:19Z | FIN NINGUNA: sin autorizaciones ni revisiones nuevas; PR #43 y CI #341 sin cambios; sin merge ni APK
2026-09-24T20:53:02Z | INICIO
2026-09-24T20:53:26Z | FIN NINGUNA: sin autorizaciones ni revisiones nuevas; PR #43 y CI #341 sin cambios; sin merge ni APK
2026-09-24T21:30:41Z | INICIO #16: documentar instrucciones para futuros agentes y formato de log
2026-09-24T21:40:41Z | FIN #16: AGENTS.md y gobierno/log actualizados; PR #43 actualizada; Android CI verify correcto (run 36062626827); sin merge ni APK
2026-09-25T05:37:44Z | INICIO #16: corregir aprobación de merge y revisar roles del proyecto
2026-09-25T05:44:40Z | FIN #16: política de aprobación por coste documentada y descripción de PR #43 corregida; CI 36099681379 seguía en curso; PR #43 abierta, merge pendiente por cuota potencial de almacenamiento de artefacto APK debug; sin candidato ni release
2026-09-25T16:50:32Z | INICIO: revisar GitHub; máximo tres tareas en esta pasada
2026-09-25T16:56:01Z | FIN #16: PR #43 revisada y fusionada en squash (c2bd69d); CI del head #355 correcta, 0 artefactos; comentario de seguimiento publicado; #16 sigue abierta por licencia, rulesets, limpieza de ramas e identificación de releases; sin candidato, etiqueta ni release
2026-09-28T05:19:30Z | INICIO: revisar GitHub; máximo tres tareas en esta pasada
2026-09-28T05:26:26Z | FIN #35, #32, #33, #31: política aclarada; PR #34 fusionada en squash (a1b2cd4), PR #39 fusionada en squash (d1c61c0); CI #313, #314 y CI de PR #20 run #359 correctos, 0 artefactos; #40–#42 siguen abiertas; candidato BF-02 pendiente de autorización; sin APK ni etiqueta
2026-09-29T18:38:51Z | INICIO: revisar GitHub; máximo tres tareas en esta pasada
2026-09-29T19:08:28Z | FIN #30: #30 completada por PR #44 (squash fb91916); Android CI #362/#363 correctas, sin avisos Node.js 20 y 0 artefactos; run #363 guardó 3 entradas de caché (3.689.366 bytes); #28 cerrada tras prueba física; #35 actualizado: autorización BF-02 pendiente y #40–#42 no fusionables hasta reconstruir la cadena divergente (#39 quedó en fix/issue-32 y #40 parte de feat/issue-31); #8 sigue abierta con PR #15 draft; #16 sigue abierta por licencia, rulesets, limpieza de ramas e identidad de releases; sin APK ni etiqueta.
